sizing the dollar-less price over 78 venues

    Dandan                             ok           hh_lines=   0  priced=  0 
    DePaul's Table                     ok           hh_lines=   0  priced=  0 
    Franzone's Pizzeria                ok           hh_lines=   0  priced=  0 
    12 Steps Down                      ok           hh_lines=   0  priced=  0 
    Amada                              ok           hh_lines=   7  priced=  0 
    American Sardine Bar               ok           hh_lines=   0  priced=  0 
    Bar 1010                           ok           hh_lines=   0  priced=  0 
    Bar Bombon                         ok           hh_lines=   9  priced=  0 
    Bar Hygge                          ok           hh_lines=   0  priced=  0 
    Bloomsday Cafe                     ok           hh_lines=   0  priced=  0 
    Bolo                               ok           hh_lines=   0  priced=  0 
    Brasil's Nightclub                 ok           hh_lines=   0  priced=  0 
    Charlie Was a Sinner               ok           hh_lines=  11  priced=  0 
    DanDan                             ok           hh_lines=   0  priced=  0 
HIT DBG                                ok           hh_lines=  30  priced=  6 {'ALONE': 6}
    El Vez                             ok           hh_lines=   0  priced=  0 
    Hard Rock Cafe                     ok           hh_lines=   9  priced=  0 
    Harp & Crown                       ok           hh_lines=   0  priced=  0 
    Hi-Lo Taco Co.                     ok           hh_lines=   0  priced=  0 
    Los Camaradas                      ok           hh_lines=   0  priced=  0 
    Osteria                            ok           hh_lines=   0  priced=  0 
    Pearl & Mary                       ok           hh_lines=   0  priced=  0 
    Prohibition Taproom                ok           hh_lines=   0  priced=  0 
    Royal Boucherie                    ok           hh_lines=   0  priced=  0 
    SouthGate                          ok           hh_lines=   1  priced=  0 
    The Cheesecake Factory             ok           hh_lines=   1  priced=  0 
    The Continental Mid-Town           ok           hh_lines=   0  priced=  0 
    The Plough & the Stars             ok           hh_lines=   4  priced=  0 
    The Trestle Inn                    ok           hh_lines=   0  priced=  0 
    the Wilder                         ok           hh_lines=   0  priced=  0 
    Tria                               ok           hh_lines=  64  priced=  0 
    Yards Brewing Company              ok           hh_lines=   6  priced=  0 
    Bowlero                            ok           hh_lines=   0  priced=  0 
    Coyote Crossing                    ok           hh_lines=   1  priced=  0 
    Southern Cross Kitchen             ok           hh_lines=   0  priced=  0 
    Frost Doylestown                   ok           hh_lines=   5  priced=  0 
    Brickside Grille                   ok           hh_lines=   1  priced=  0 
    Sor Ynez                           ok           hh_lines=   2  priced=  0 
    Agave Mexican Cuisine              ok           hh_lines=   0  priced=  0 
    Avenue Kitchen                     ok           hh_lines=  29  priced=  0 
    JD McGillicuddy's                  ok           hh_lines=   2  priced=  0 
    El Maya Mexican Grill              ok           hh_lines=  30  priced=  0 
    Redfire Grill & Steakhouse         ok           hh_lines=   0  priced=  0 
    Braeloch Brewing                   ok           hh_lines=   0  priced=  0 
    BOTLD                              ok           hh_lines=   0  priced=  0 
    Firebirds Wood Fired Grill         ok           hh_lines=   0  priced=  0 
    Well Crafted Beer Co.              ok           hh_lines= 118  priced=  0 
    Copperfield Inn at Lakeside        ok           hh_lines=   5  priced=  0 
    Limerick Bowl                      ok           hh_lines=   0  priced=  0 
    Joey Chops                         ok           hh_lines=   2  priced=  0 
    Casa Mia                           ok           hh_lines=   2  priced=  0 
    La Catrina                         ok           hh_lines=  27  priced=  0 
    Off the Rail - Media               ok           hh_lines=   0  priced=  0 
    Jackson House                      ok           hh_lines=   3  priced=  0 
    Firebirds Wood Fired Grill         ok           hh_lines=   0  priced=  0 
    Kirkwood Country Club              ok           hh_lines=   5  priced=  0 
    The Cheesecake Factory             ok           hh_lines=   1  priced=  0 
    Ale House                          ok           hh_lines=   0  priced=  0 
    Charlotte's Restaurant             ok           hh_lines=   0  priced=  0 
    Nora Lees French Quarter Bistro    ok           hh_lines=   2  priced=  0 
    Benny the Bum's                    ok           hh_lines=   0  priced=  0 
    Butcher and Barkeep                ok           hh_lines=   0  priced=  0 
    Second District Brewing Company    ok           hh_lines=   1  priced=  0 
    The Post                           ok           hh_lines=   2  priced=  0 
    Amada                              ok           hh_lines=   6  priced=  0 
    Dandan                             ok           hh_lines=   0  priced=  0 
    EXIT 13 GASTROBAR                  ok           hh_lines=   0  priced=  0 
    GARRETT HILL ALE HOUSE LLC         ok           hh_lines=   2  priced=  0 
    Avalon Restaurant                  ok           hh_lines=   0  priced=  0 
    Pietro’s Prime                     ok           hh_lines=   0  priced=  0 
    Teca-R                             ok           hh_lines=   0  priced=  0 
    Double Visions                     ok           hh_lines=   0  priced=  0 
    Bardea Food & Drink                ok           hh_lines=   0  priced=  0 
    Big Fish Grill on the Riverfront   ok           hh_lines=   0  priced=  0 
    Cafe Mezzanotte                    ok           hh_lines=   0  priced=  0 
    Goobers Diner                      ok           hh_lines=   0  priced=  0 
    The Nomad Bar                      ok           hh_lines=   6  priced=  0 
HIT The Quoin Restaurant               ok           hh_lines=  93  priced=  6 {'LEADER': 6}

==========================================================================
OF 78 venues that publish an hour and 'no price at all':
    2 carry >=3 prices written WITHOUT a dollar sign, inside their hour
    2 carry at least one
   12 items in total from the 2
==========================================================================

  DBG  (6)
    https://dbgphilly.com/s/DBG-SUMMER-MENU.pdf
      ALONE  JOIN US FOR DAILY SPECIALS!                                7
      ALONE  JOIN US FOR DAILY SPECIALS!                                7
      ALONE  JOIN US FOR DAILY SPECIALS!                                6
      ALONE  CANS                                                       7
      ALONE  CANS                                                       7
      ALONE  CANS                                                       7

  The Quoin Restaurant  (6)
    https://thequoinhotel.com/restaurant/happyhour
      LEADER Peroni, Italian Pale Lager 4.7%                            6
      LEADER Pinot Grigio & Pinot Noir                                  8
      LEADER rum, lime, caribbean coconut                               10
      LEADER tequila, lemon, honey, hot sauce                           10
      LEADER cheddar, cream cheese, chives                              9
      LEADER grilled sourdough, chives, roasted red pepper              9
