probing 78 venues, up to 3 HTML hops each

   Dandan                             seed=ok                     lines= 91 hops=0 best= 0 
   DePaul's Table                     seed=ok                     lines= 88 hops=0 best= 0 
HIT Franzone's Pizzeria                seed=ok                     lines=130 hops=2 best=52 https://franzonesconshohocken.com/pages/franzones-catering-m
   12 Steps Down                      seed=ok                     lines=119 hops=0 best= 0 
   Amada                              seed=ok                     lines= 95 hops=1 best= 0 
   American Sardine Bar               seed=ok                     lines= 21 hops=0 best= 0 
   Bar 1010                           seed=ok                     lines= 48 hops=1 best= 0 
   Bar Bombon                         seed=ok                     lines= 92 hops=1 best= 0 
   Bar Hygge                          seed=ok                     lines= 66 hops=1 best= 0 
   Bloomsday Cafe                     seed=ok                     lines= 92 hops=2 best= 0 
   Bolo                               seed=ok                     lines= 41 hops=0 best= 0 
   Brasil's Nightclub                 seed=ok                     lines= 76 hops=0 best= 0 
   Charlie Was a Sinner               seed=ok                     lines=249 hops=0 best= 0 
   DanDan                             seed=ok                     lines= 91 hops=0 best= 0 
   DBG                                seed=ok                     lines=282 hops=0 best= 0 
   El Vez                             seed=ok                     lines=386 hops=0 best= 0 
   Hard Rock Cafe                     seed=ok                     lines=116 hops=0 best= 0 
   Harp & Crown                       seed=ok                     lines= 84 hops=0 best= 0 
   Hi-Lo Taco Co.                     seed=ok                     lines= 64 hops=3 best= 0 
HIT Los Camaradas                      seed=ok                     lines= 48 hops=1 best=40 https://www.loscamaradas.com/philadelphia-graduate-hosptial-
   ... 20/78
   Osteria                            seed=ok                     lines=494 hops=0 best= 0 
   Pearl & Mary                       seed=ok                     lines= 41 hops=0 best= 0 
HIT Prohibition Taproom                seed=ok                     lines=633 hops=2 best=275 https://prohibitiontaproom.com/
   Royal Boucherie                    seed=ok                     lines=592 hops=1 best= 0 
   SouthGate                          seed=ok                     lines= 56 hops=2 best= 0 
   The Cheesecake Factory             seed=ok                     lines=177 hops=3 best= 0 
   The Continental Mid-Town           seed=ok                     lines=376 hops=0 best= 0 
   The Plough & the Stars             seed=ok                     lines=393 hops=0 best= 0 
   The Trestle Inn                    seed=ok                     lines= 46 hops=0 best= 0 
   the Wilder                         seed=ok                     lines=108 hops=0 best= 0 
   Tria                               seed=ok                     lines= 64 hops=3 best= 1 https://www.triaphilly.com/tria-events
   Yards Brewing Company              seed=ok                     lines=118 hops=0 best= 0 
   Bowlero                            seed=ok                     lines=264 hops=3 best= 0 
   Coyote Crossing                    seed=ok                     lines= 81 hops=0 best= 0 
   Southern Cross Kitchen             seed=ok                     lines=1219 hops=1 best= 0 
   Frost Doylestown                   seed=ok                     lines= 31 hops=0 best= 0 
   Brickside Grille                   seed=ok                     lines= 22 hops=2 best= 0 
   Sor Ynez                           seed=ok                     lines= 79 hops=3 best= 0 
   Agave Mexican Cuisine              seed=ok                     lines=106 hops=1 best= 0 
   Avenue Kitchen                     seed=ok                     lines=168 hops=1 best= 0 
   ... 40/78
   JD McGillicuddy's                  seed=ok                     lines=102 hops=1 best= 0 
   El Maya Mexican Grill              seed=ok                     lines=154 hops=0 best= 0 
   Redfire Grill & Steakhouse         seed=ok                     lines=366 hops=0 best= 0 
   Braeloch Brewing                   seed=ok                     lines=163 hops=0 best= 0 
   BOTLD                              seed=ok                     lines=142 hops=0 best= 0 
HIT Firebirds Wood Fired Grill         seed=ok                     lines= 83 hops=3 best=37 https://firebirdsrestaurants.com/north-wales/menu/firebar
   Well Crafted Beer Co.              seed=ok                     lines=118 hops=2 best= 0 
   Copperfield Inn at Lakeside        seed=ok                     lines= 60 hops=0 best= 0 
   Limerick Bowl                      seed=ok                     lines=279 hops=3 best= 0 
   Joey Chops                         seed=ok                     lines= 62 hops=0 best= 0 
   Casa Mia                           seed=ok                     lines=334 hops=0 best= 0 
   La Catrina                         seed=ok                     lines=105 hops=0 best= 0 
   Off the Rail - Media               seed=ok                     lines=152 hops=3 best= 1 https://delco.today/2021/07/azie-rooftop-deck-media-borough-
   Jackson House                      seed=ok                     lines=109 hops=0 best= 0 
   Firebirds Wood Fired Grill         seed=ok                     lines= 86 hops=0 best= 0 
   Kirkwood Country Club              seed=ok                     lines=118 hops=0 best= 0 
   The Cheesecake Factory             seed=ok                     lines=182 hops=2 best= 0 
   Ale House                          seed=ok                     lines= 45 hops=0 best= 0 
   Charlotte's Restaurant             seed=ok                     lines= 39 hops=0 best= 0 
HIT Nora Lees French Quarter Bistro    seed=ok                     lines= 46 hops=3 best=176 https://noralees.com/lunch-menu-2
   ... 60/78
   Benny the Bum's                    seed=ok                     lines= 40 hops=0 best= 0 
   Butcher and Barkeep                seed=ok                     lines= 31 hops=0 best= 0 
   Second District Brewing Company    seed=ok                     lines=166 hops=0 best= 0 
   The Post                           seed=ok                     lines= 50 hops=2 best= 2 https://www.thepostphl.com
   Amada                              seed=ok                     lines= 70 hops=2 best= 0 
   Dandan                             seed=ok                     lines= 91 hops=0 best= 0 
   EXIT 13 GASTROBAR                  seed=ok                     lines=146 hops=0 best= 0 
   GARRETT HILL ALE HOUSE LLC         seed=ok                     lines= 45 hops=0 best= 0 
   Avalon Restaurant                  seed=ok                     lines= 18 hops=1 best= 0 
   Pietro’s Prime                     seed=ok                     lines= 53 hops=0 best= 0 
   Teca-R                             seed=ok                     lines=473 hops=3 best= 0 
   Double Visions                     seed=ok                     lines= 30 hops=0 best= 0 
   Bardea Food & Drink                seed=ok                     lines=308 hops=0 best= 0 
   Big Fish Grill on the Riverfront   seed=ok                     lines= 78 hops=3 best= 0 
   Cafe Mezzanotte                    seed=ok                     lines= 67 hops=0 best= 0 
HIT Goobers Diner                      seed=ok                     lines=125 hops=3 best=116 https://goobersdiner-de.com/wilmington-trolley-square-goober
   The Nomad Bar                      seed=ok                     lines= 46 hops=2 best= 0 
   The Quoin Restaurant               seed=ok                     lines= 93 hops=0 best= 0 

========================================================================
POPULATION: 78 venues that publish an hour and gave us nothing to read
------------------------------------------------------------------------
A. THE HOP     6 gain a linked HTML page carrying >=3 priced lines
               2 of those also name a happy hour on that page
B. THE SHELL   7 seed pages came back under 40 visible lines
C. REFUSED     0 seed pages did not answer at all
D. IMAGES      0 expose a menu image on a HOPPED page
   (4 seed pages linked no candidate at all)
========================================================================

the hop, best first:

  Prohibition Taproom  (275 priced lines, names hh=True)
    https://prohibitiontaproom.com/
       $ 13
       $ 13
       $ 19
       $ 19
       $ 18
       $ 18

  Nora Lees French Quarter Bistro  (176 priced lines, names hh=False)
    https://noralees.com/lunch-menu-2
       $18.99
       $18.99
       $17.99
       $17.99
       $20.99
       $20.99

  Goobers Diner  (116 priced lines, names hh=False)
    https://goobersdiner-de.com/wilmington-trolley-square-goober-s-diner-food-menu
       $11.00
       $11.00
       $11.00
       $18.00
       $12.00
       $13.00/+

  Franzone's Pizzeria  (52 priced lines, names hh=False)
    https://franzonesconshohocken.com/pages/franzones-catering-menu
       $144
       $12 each
       $185
       $17
       +$4.50
       $21.50

  Los Camaradas  (40 priced lines, names hh=False)
    https://www.loscamaradas.com/philadelphia-graduate-hosptial-los-camaradas-food-menu
       $12.95
       Add salsa trio for $3.00; Add Elote (Street-style Corn Salsa) - $3.00
       $11.95
       $14.00
       Queso mixto, black bean, tomato, crema, pickled jalapeno, pickled red onion. ADD: Short Rib $6.00 | 
       $11.00

  Firebirds Wood Fired Grill  (37 priced lines, names hh=True)
    https://firebirdsrestaurants.com/north-wales/menu/firebar
       $7.95
       $7.95
       $6.00
       $5.00
       $2 off
       $14.95
