looking for menu boards the filename rule cannot see, over 78 venues

    Dandan                             ok           hh_page=False imgs= 0 big=0
    DePaul's Table                     ok           hh_page=False imgs= 0 big=0
    Franzone's Pizzeria                ok           hh_page=False imgs= 0 big=0
    12 Steps Down                      ok           hh_page=False imgs= 0 big=0
HIT Amada                              ok           hh_page=True  imgs= 7 big=6
    American Sardine Bar               ok           hh_page=False imgs= 0 big=0
    Bar 1010                           ok           hh_page=False imgs= 0 big=0
HIT Bar Bombon                         ok           hh_page=True  imgs= 1 big=1
    Bar Hygge                          ok           hh_page=False imgs= 0 big=0
    Bloomsday Cafe                     ok           hh_page=False imgs= 0 big=0
    Bolo                               ok           hh_page=False imgs= 0 big=0
    Brasil's Nightclub                 ok           hh_page=False imgs= 0 big=0
HIT Charlie Was a Sinner               ok           hh_page=True  imgs=10 big=2
    DanDan                             ok           hh_page=False imgs= 0 big=0
    DBG                                ok           hh_page=True  imgs= 0 big=0
    El Vez                             ok           hh_page=False imgs= 0 big=0
HIT Hard Rock Cafe                     ok           hh_page=True  imgs=11 big=9
    Harp & Crown                       ok           hh_page=False imgs= 0 big=0
    Hi-Lo Taco Co.                     ok           hh_page=False imgs= 0 big=0
    Los Camaradas                      ok           hh_page=False imgs= 0 big=0
    Osteria                            ok           hh_page=False imgs= 0 big=0
    Pearl & Mary                       ok           hh_page=False imgs= 0 big=0
    Prohibition Taproom                ok           hh_page=False imgs= 0 big=0
    Royal Boucherie                    ok           hh_page=False imgs= 0 big=0
    SouthGate                          ok           hh_page=True  imgs=11 big=0
HIT The Cheesecake Factory             ok           hh_page=True  imgs=11 big=9
    The Continental Mid-Town           ok           hh_page=False imgs= 0 big=0
HIT The Plough & the Stars             ok           hh_page=True  imgs=25 big=2
    The Trestle Inn                    ok           hh_page=False imgs= 0 big=0
    the Wilder                         ok           hh_page=False imgs= 0 big=0
HIT Tria                               ok           hh_page=True  imgs=16 big=7
HIT Yards Brewing Company              ok           hh_page=True  imgs=25 big=9
    Bowlero                            ok           hh_page=False imgs= 0 big=0
HIT Coyote Crossing                    ok           hh_page=True  imgs= 5 big=2
    Southern Cross Kitchen             ok           hh_page=False imgs= 0 big=0
    Frost Doylestown                   ok           hh_page=True  imgs= 0 big=0
HIT Brickside Grille                   ok           hh_page=True  imgs=23 big=12
HIT Sor Ynez                           ok           hh_page=True  imgs=24 big=11
    Agave Mexican Cuisine              ok           hh_page=False imgs= 0 big=0
HIT Avenue Kitchen                     ok           hh_page=True  imgs=25 big=12
    JD McGillicuddy's                  ok           hh_page=True  imgs= 0 big=0
HIT El Maya Mexican Grill              ok           hh_page=True  imgs=15 big=11
    Redfire Grill & Steakhouse         ok           hh_page=False imgs= 0 big=0
    Braeloch Brewing                   ok           hh_page=False imgs= 0 big=0
    BOTLD                              ok           hh_page=False imgs= 0 big=0
    Firebirds Wood Fired Grill         ok           hh_page=False imgs= 0 big=0
    Well Crafted Beer Co.              ok           hh_page=True  imgs= 9 big=0
HIT Copperfield Inn at Lakeside        ok           hh_page=True  imgs= 1 big=1
    Limerick Bowl                      ok           hh_page=False imgs= 0 big=0
HIT Joey Chops                         ok           hh_page=True  imgs=24 big=1
    Casa Mia                           ok           hh_page=True  imgs= 0 big=0
HIT La Catrina                         ok           hh_page=True  imgs=25 big=10
    Off the Rail - Media               ok           hh_page=False imgs= 0 big=0
    Jackson House                      ok           hh_page=True  imgs= 0 big=0
    Firebirds Wood Fired Grill         ok           hh_page=False imgs= 0 big=0
    Kirkwood Country Club              ok           hh_page=True  imgs= 0 big=0
HIT The Cheesecake Factory             ok           hh_page=True  imgs= 7 big=5
    Ale House                          ok           hh_page=False imgs= 0 big=0
    Charlotte's Restaurant             ok           hh_page=False imgs= 0 big=0
    Nora Lees French Quarter Bistro    ok           hh_page=True  imgs= 3 big=0
    Benny the Bum's                    ok           hh_page=False imgs= 0 big=0
    Butcher and Barkeep                ok           hh_page=False imgs= 0 big=0
HIT Second District Brewing Company    ok           hh_page=True  imgs= 3 big=2
HIT The Post                           ok           hh_page=True  imgs=21 big=8
HIT Amada                              ok           hh_page=True  imgs= 3 big=2
    Dandan                             ok           hh_page=False imgs= 0 big=0
    EXIT 13 GASTROBAR                  ok           hh_page=False imgs= 0 big=0
HIT GARRETT HILL ALE HOUSE LLC         ok           hh_page=True  imgs=11 big=4
    Avalon Restaurant                  ok           hh_page=False imgs= 0 big=0
    Pietro’s Prime                     ok           hh_page=False imgs= 0 big=0
    Teca-R                             ok           hh_page=False imgs= 0 big=0
    Double Visions                     ok           hh_page=False imgs= 0 big=0
    Bardea Food & Drink                ok           hh_page=False imgs= 0 big=0
    Big Fish Grill on the Riverfront   ok           hh_page=False imgs= 0 big=0
    Cafe Mezzanotte                    ok           hh_page=False imgs= 0 big=0
    Goobers Diner                      ok           hh_page=False imgs= 0 big=0
    The Nomad Bar                      ok           hh_page=True  imgs= 0 big=0
HIT The Quoin Restaurant               ok           hh_page=True  imgs=11 big=11

==========================================================================
32 of 78 venues gave us a page that names the hour
22 of those carry an image big enough to be a menu board that
   menu_images() does not take (filename/alt/anchor name nothing)
==========================================================================

  Brickside Grille  (12)
    https://www.bricksidegrille.com/menus/happy-hour
      1200x799   https://popmenucloud.com/cdn-cgi/image/width%3D1200%2Cheight%3D1200%2Cfit%3Dscale-down%2Cf
      1920x1279  https://popmenucloud.com/cdn-cgi/image/width%3D1920%2Cheight%3D1920%2Cfit%3Dscale-down%2Cf
      2000x1333  https://popmenucloud.com/cdn-cgi/image/width%3D3840%2Cheight%3D3840%2Cfit%3Dscale-down%2Cf
      2000x1333  https://popmenucloud.com/cdn-cgi/image/width%3D5760%2Cheight%3D5760%2Cfit%3Dscale-down%2Cf

  Avenue Kitchen  (12)
    https://www.avekitchen.com/
      1920x1080  https://images.squarespace-cdn.com/content/v1/68e06145b3b0be1a07a51bd8/fa132dfc-b24f-4b13-
      1920x1080  https://images.squarespace-cdn.com/content/v1/68e06145b3b0be1a07a51bd8/607aaa5b-4a5f-4451-
      1920x1080  https://images.squarespace-cdn.com/content/v1/68e06145b3b0be1a07a51bd8/5338e5ec-71ec-4b6e-
      1920x1080  https://images.squarespace-cdn.com/content/v1/68e06145b3b0be1a07a51bd8/d704675e-2d75-45e0-

  Sor Ynez  (11)
    https://sorynez.com/
      2500x1666  https://images.squarespace-cdn.com/content/v1/67995846a09e3915a6aa0452/081d6274-3d0a-4842-
      2500x2500  https://images.squarespace-cdn.com/content/v1/67995846a09e3915a6aa0452/048a77ae-df21-4d7e-
      2500x3333  https://images.squarespace-cdn.com/content/v1/67995846a09e3915a6aa0452/aca19554-6e77-4056-
      2161x1553  https://images.squarespace-cdn.com/content/v1/67995846a09e3915a6aa0452/23a417fd-cf8c-4c0c-

  El Maya Mexican Grill  (11)
    https://www.elmayamexicangrillde.com/
      482x519    https://irp.cdn-website.com/0d15e4f7/dms3rep/multi/opt/imgi_23_FullSizeRender-removebg-pre
      231x231    https://irp.cdn-website.com/0d15e4f7/dms3rep/multi/opt/imgi_26_burritos-f35f8fdb-1920w.png
      960x540    https://irp.cdn-website.com/0d15e4f7/dms3rep/multi/opt/El-Maya-Mexican-Grill-1-1920w.jpg
      960x540    https://irp.cdn-website.com/0d15e4f7/dms3rep/multi/opt/El-Maya-Mexican-Grill-2-1920w.jpg

  The Quoin Restaurant  (11)
    https://thequoinhotel.com/restaurant/happyhour
      1728x2234  https://thequoinhotel.com/hubfs/The%20Quoin/Website/bg-quoin-insider-desktop.jpg
      1440x1861  https://thequoinhotel.com/hs-fs/hubfs/The%20Quoin/Website/bg-quoin-insider-desktop.jpg?wid
      1024x2624  https://thequoinhotel.com/hs-fs/hubfs/The%20Quoin/Website/bg-quoin-insider-tablet.jpg?widt
      1024x2624  https://thequoinhotel.com/hs-fs/hubfs/The%20Quoin/Website/bg-quoin-insider-tablet.jpg?widt

  La Catrina  (10)
    https://www.lacatrinamedia.com/
      2000x3000  https://images.squarespace-cdn.com/content/v1/5ea9c83f3c388e1861997e89/1592320653531-BUVF1
      2001x3000  https://images.squarespace-cdn.com/content/v1/5ea9c83f3c388e1861997e89/1592320685624-UFUV1
      527x530    https://images.squarespace-cdn.com/content/v1/5ea9c83f3c388e1861997e89/1589303143922-HHB4L
      2000x3000  https://images.squarespace-cdn.com/content/v1/5ea9c83f3c388e1861997e89/1592320733991-07RR7

  Hard Rock Cafe  (9)
    https://www.hardrockcafe.com/location/philadelphia/
      1370x1097  https://cafe.hardrock.com/philadelphia/files/templates/1732/menuBg02.jpg
      680x789    https://cafe.hardrock.com/philadelphia/files/templates/1732/formBg.jpg
      1370x110   https://cafe.hardrock.com/philadelphia/files/templates/1732/bannerBg.jpg
      147KB      https://cafe.hardrock.com/philadelphia/files/5463/9988368_ImageSmallWidth.jpg

  The Cheesecake Factory  (9)
    https://locations.thecheesecakefactory.com/pa/philadelphia-181.html
      797x285    https://llp-assets.meetsoci.com/live/assets/cheesecake/local/2021/images/google.jpg
      719x536    https://p1.socds.net/llp/5295/photo_upload_1795e4f7cebd8d9653fa244510ae6bcd-v-688bb417ad98
      741x552    https://p1.socds.net/llp/5295/photo_upload_bd7de66bf070cf4650c8cb63fe1e2346-v-688bb417d38d
      806x601    https://p1.socds.net/llp/5295/photo_upload_cef4a11b3274c8281f416ad533c50980-v-688bb41809c4

  Yards Brewing Company  (9)
    https://yardsbrewing.com/pages/taproom
      480x343    https://yardsbrewing.com/cdn/shop/files/Jumbo-Taproom-Front.jpg?v=1692286812&width=480
      480x600    https://yardsbrewing.com/cdn/shop/files/TacoTuesdee-tacotuesday.jpg?v=1767369510&width=480
      480x480    https://yardsbrewing.com/cdn/shop/files/FB_Pint-Draft-Pour-standard.jpg?v=1685626644&width
      480x480    https://yardsbrewing.com/cdn/shop/files/Food173A8103-1x1.jpg?v=1763063870&width=480

  The Post  (8)
    https://thepostphl.com/
      670x195    https://static.wixstatic.com/media/3bd471_f8f12a85b13b4a93881c3c46be181e16~mv2.png/v1/crop
      670x196    https://static.wixstatic.com/media/52a1c1_cce9781e260a4a9789f898608f863df6~mv2.jpg/v1/crop
      670x196    https://static.wixstatic.com/media/52a1c1_3a46a8d2851040b4b74fee8b1a1ea3dd~mv2.jpg/v1/crop
      670x211    https://static.wixstatic.com/media/3bd471_3a318c41ab364496a96a10f4c03b09ac~mv2.jpg/v1/crop

  Tria  (7)
    https://triaphilly.com/tria-happy-hour
      1600x900   https://images.squarespace-cdn.com/content/v1/5d39f09f667c9c000128ef2d/d3dd1174-0760-464e-
      1079x566   https://images.squarespace-cdn.com/content/v1/5d39f09f667c9c000128ef2d/80303919-8e9e-4a4d-
      500x281    https://images.squarespace-cdn.com/content/v1/5d39f09f667c9c000128ef2d/d3dd1174-0760-464e-
      750x422    https://images.squarespace-cdn.com/content/v1/5d39f09f667c9c000128ef2d/d3dd1174-0760-464e-

  Amada  (6)
    https://www.amadarestaurant.com/amada-philadelphia/
      600x700    https://www.amadarestaurant.com/uploads/144243menu-vertical1.jpg
      600x700    https://www.amadarestaurant.com/uploads/144315menu-vertical2.jpg
      600x700    https://www.amadarestaurant.com/uploads/143725menu-vertical4.jpg
      1080x1080  https://www.amadarestaurant.com/uploads/112335Photos1.png

  The Cheesecake Factory  (5)
    https://locations.thecheesecakefactory.com/de/newark-151.html?utm_source=Google&utm_medium=Maps&utm_campaign=Google+Places
      797x285    https://llp-assets.meetsoci.com/live/assets/cheesecake/local/2021/images/google.jpg
      900x673    https://p1.socds.net/llp/5295/photo_upload_d269ae57138bbd67c07f807459de104e-v-686308fcacb1
      103KB      https://p1.socds.net/llp/5295/photo_upload_31871390d138ec7b6fa43419e2d10aad-v-686308fcd20a
      900x673    https://p1.socds.net/llp/5295/photo_upload_e437453603c62cc94b57ed11627cd4ce-v-686308fd0508

  GARRETT HILL ALE HOUSE LLC  (4)
    https://www.garretthillalehouse.com/events-specials
      286x122    https://static.wixstatic.com/media/0e8e80_99e54b026d6d41578cbab654ae48f3bd~mv2.png/v1/fill
      490x210    https://static.wixstatic.com/media/0e8e80_448331da11654a85b200f75476dc41a3~mv2.png/v1/fill
      491x210    https://static.wixstatic.com/media/0e8e80_25e660974be5417dbdb0f938586a5773~mv2.png/v1/crop
      1970x1970  https://static.parastorage.com/services/editor-elements-library/dist/thunderbolt/media/slo

  Charlie Was a Sinner  (2)
    https://charliewasasinner.com/
      1314x596   https://charliewasasinner.com/images/ch_nameplate.png
      685x1068   https://charliewasasinner.com/images/popup-mobile-qr.jpg

  The Plough & the Stars  (2)
    https://ploughstars.com/events
      2200x1650  http://ploughstars.com/wp-content/uploads/2021/11/IMG_8997-scaled.jpg
      1080x1617  http://ploughstars.com/wp-content/uploads/2021/12/ploughbodhran.jpg

  Coyote Crossing  (2)
    https://coyotecrossing.com/happy-hour
      1022x336   https://coyotecrossing.com/wp-content/uploads/2024/12/texto-coyote-crossing.png
      768x252    https://coyotecrossing.com/wp-content/uploads/2024/12/texto-coyote-crossing-768x252.png

  Second District Brewing Company  (2)
    https://seconddistrictbrewing.com/brewpub-menu/
      634x720    https://seconddistrictbrewing.com/wp-content/uploads/2020/10/2D-white-low-res.png
      1200x800   https://seconddistrictbrewing.com/wp-content/uploads/2020/01/second-district-brewing-2017-

  Amada  (2)
    https://www.amadarestaurant.com/specials/
      430x347    https://www.amadarestaurant.com/uploads/l_191015Pig.PNG
      1080x1080  https://www.amadarestaurant.com/uploads/112335Photos1.png

  Bar Bombon  (1)
    https://barbombon.com/
      680x1060   https://barbombon.com/wp-content/uploads/2020/09/popupqr.jpg

  Copperfield Inn at Lakeside  (1)
    https://www.copperfieldinn.net/menu/happy-hour/
      683x455    https://i0.wp.com/www.copperfieldinn.net/wp-content/uploads/2016/02/bar.jpg?fit=683%2C455&

  Joey Chops  (1)
    https://www.joeychops.com/
      926x473    https://static.wixstatic.com/media/4a2f4a_8e424eaebd8b4145a8b0f92180f68177~mv2.jpg/v1/crop
