asking 78 seed pages what they actually contain

Dandan                             ok             lines=  91  $lines=  0  item=  0  hh=  0  $inHH=  0
DePaul's Table                     ok             lines=  88  $lines=  0  item=  0  hh=  0  $inHH=  0
Franzone's Pizzeria                ok             lines= 130  $lines=  8  item=  0  hh=  0  $inHH=  0
12 Steps Down                      ok             lines= 119  $lines=  4  item=  0  hh=  0  $inHH=  0
Amada                              ok             lines=  95  $lines=  0  item=  0  hh=  7  $inHH=  0
American Sardine Bar               ok             lines=  21  $lines=  0  item=  0  hh=  0  $inHH=  0
Bar 1010                           ok             lines=  48  $lines=  0  item=  0  hh=  0  $inHH=  0
Bar Bombon                         ok             lines=  92  $lines=  0  item=  0  hh=  9  $inHH=  0
Bar Hygge                          ok             lines=  66  $lines=  0  item=  0  hh=  0  $inHH=  0
Bloomsday Cafe                     ok             lines=  92  $lines=  0  item=  0  hh=  0  $inHH=  0
Bolo                               ok             lines=  41  $lines=  0  item=  0  hh=  0  $inHH=  0
Brasil's Nightclub                 ok             lines=  76  $lines= 20  item=  0  hh=  0  $inHH=  0
Charlie Was a Sinner               ok             lines= 249  $lines=  0  item=  0  hh= 11  $inHH=  0
DanDan                             ok             lines=  91  $lines=  0  item=  0  hh=  0  $inHH=  0
DBG                                ok             lines= 282  $lines=  0  item=  0  hh= 30  $inHH=  0
El Vez                             ok             lines= 386  $lines=156  item=145  hh=  0  $inHH=  0
Hard Rock Cafe                     ok             lines= 116  $lines=  7  item=  0  hh=  9  $inHH=  6
Harp & Crown                       ok             lines=  84  $lines=  0  item=  0  hh=  0  $inHH=  0
Hi-Lo Taco Co.                     ok             lines=  64  $lines=  0  item=  0  hh=  0  $inHH=  0
Los Camaradas                      ok             lines=  48  $lines=  0  item=  0  hh=  0  $inHH=  0
Osteria                            ok             lines= 494  $lines=172  item=  0  hh=  0  $inHH=  0
Pearl & Mary                       ok             lines=  41  $lines=  0  item=  0  hh=  0  $inHH=  0
Prohibition Taproom                ok             lines= 633  $lines=275  item=  2  hh=  0  $inHH=  0
Royal Boucherie                    ok             lines= 592  $lines=146  item= 15  hh=  0  $inHH=  0
SouthGate                          ok             lines=  56  $lines=  0  item=  0  hh=  1  $inHH=  0
The Cheesecake Factory             ok             lines= 177  $lines=  0  item=  0  hh=  1  $inHH=  0
The Continental Mid-Town           ok             lines= 376  $lines=146  item=141  hh=  0  $inHH=  0
The Plough & the Stars             ok             lines= 393  $lines=  1  item=  0  hh=  4  $inHH=  0
The Trestle Inn                    ok             lines=  46  $lines=  3  item=  0  hh=  0  $inHH=  0
the Wilder                         ok             lines= 108  $lines=  0  item=  0  hh=  0  $inHH=  0
Tria                               ok             lines=  64  $lines=  0  item=  0  hh=  0  $inHH=  0
Yards Brewing Company              ok             lines= 118  $lines=  5  item=  0  hh=  6  $inHH=  4
Bowlero                            ok             lines= 264  $lines= 14  item=  0  hh=  0  $inHH=  0
Coyote Crossing                    ok             lines=  81  $lines=  0  item=  0  hh=  1  $inHH=  0
Southern Cross Kitchen             ok             lines=1219  $lines=343  item= 78  hh=  0  $inHH=  0
Frost Doylestown                   ok             lines=  31  $lines=  0  item=  0  hh=  5  $inHH=  0
Brickside Grille                   ok             lines=  22  $lines=  0  item=  0  hh=  1  $inHH=  0
Sor Ynez                           ok             lines=  79  $lines=  2  item=  0  hh=  2  $inHH=  0
Agave Mexican Cuisine              ok             lines= 106  $lines=  2  item=  0  hh=  0  $inHH=  0
Avenue Kitchen                     ok             lines= 168  $lines=  0  item=  0  hh= 29  $inHH=  0
JD McGillicuddy's                  ok             lines= 102  $lines=  0  item=  0  hh=  2  $inHH=  0
El Maya Mexican Grill              ok             lines= 154  $lines=  1  item=  0  hh= 30  $inHH=  0
Redfire Grill & Steakhouse         ok             lines= 366  $lines=  0  item=  0  hh=  0  $inHH=  0
Braeloch Brewing                   ok             lines= 163  $lines=  1  item=  1  hh=  0  $inHH=  0
BOTLD                              ok             lines= 142  $lines=  2  item=  0  hh=  0  $inHH=  0
Firebirds Wood Fired Grill         ok             lines=  83  $lines=  1  item=  0  hh=  0  $inHH=  0
Well Crafted Beer Co.              ok             lines= 118  $lines=  0  item=  0  hh=  0  $inHH=  0
Copperfield Inn at Lakeside        ok             lines=  60  $lines=  0  item=  0  hh=  5  $inHH=  0
Limerick Bowl                      ok             lines= 279  $lines= 15  item=  0  hh=  0  $inHH=  0
Joey Chops                         ok             lines=  62  $lines=  0  item=  0  hh=  2  $inHH=  0
Casa Mia                           ok             lines= 334  $lines=  2  item=  0  hh=  2  $inHH=  0
La Catrina                         ok             lines= 105  $lines=  1  item=  1  hh= 27  $inHH=  0
Off the Rail - Media               ok             lines= 152  $lines=  3  item=  0  hh=  0  $inHH=  0
Jackson House                      ok             lines= 109  $lines=  1  item=  0  hh=  3  $inHH=  0
Firebirds Wood Fired Grill         ok             lines=  86  $lines=  1  item=  0  hh=  0  $inHH=  0
Kirkwood Country Club              ok             lines= 118  $lines=  0  item=  0  hh=  5  $inHH=  0
The Cheesecake Factory             ok             lines= 182  $lines=  0  item=  0  hh=  1  $inHH=  0
Ale House                          ok             lines=  45  $lines=  0  item=  0  hh=  0  $inHH=  0
Charlotte's Restaurant             ok             lines=  39  $lines=  1  item=  0  hh=  0  $inHH=  0
Nora Lees French Quarter Bistro    ok             lines=  46  $lines=  0  item=  0  hh=  2  $inHH=  0
Benny the Bum's                    ok             lines=  40  $lines=  0  item=  0  hh=  0  $inHH=  0
Butcher and Barkeep                ok             lines=  31  $lines=  0  item=  0  hh=  0  $inHH=  0
Second District Brewing Company    ok             lines= 166  $lines=  1  item=  0  hh=  1  $inHH=  0
The Post                           ok             lines=  50  $lines=  2  item=  0  hh=  2  $inHH=  0
Amada                              ok             lines=  70  $lines=  0  item=  0  hh=  6  $inHH=  0
Dandan                             ok             lines=  91  $lines=  0  item=  0  hh=  0  $inHH=  0
EXIT 13 GASTROBAR                  ok             lines= 146  $lines=  0  item=  0  hh=  0  $inHH=  0
GARRETT HILL ALE HOUSE LLC         ok             lines=  45  $lines=  2  item=  0  hh=  2  $inHH=  0
Avalon Restaurant                  ok             lines=  18  $lines=  0  item=  0  hh=  0  $inHH=  0
Pietro’s Prime                     ok             lines=  53  $lines=  0  item=  0  hh=  0  $inHH=  0
Teca-R                             ok             lines= 473  $lines=128  item=  4  hh=  0  $inHH=  0
Double Visions                     ok             lines=  30  $lines=  0  item=  0  hh=  0  $inHH=  0
Bardea Food & Drink                ok             lines= 308  $lines= 55  item=  3  hh=  0  $inHH=  0
Big Fish Grill on the Riverfront   ok             lines=  78  $lines=  3  item=  0  hh=  0  $inHH=  0
Cafe Mezzanotte                    ok             lines=  67  $lines=  2  item=  1  hh=  0  $inHH=  0
Goobers Diner                      ok             lines= 125  $lines=  0  item=  0  hh=  0  $inHH=  0
The Nomad Bar                      ok             lines=  46  $lines=  0  item=  0  hh=  6  $inHH=  0
The Quoin Restaurant               ok             lines=  93  $lines=  0  item=  0  hh=  0  $inHH=  0

========================================================================
OF THE 78 'nothing to read' VENUES, the page we already fetch:
   78 answered ok
   34 carry a dollar price SOMEWHERE on that page
   18 carry three or more
    2 carry one INSIDE a section the venue labels a happy hour
========================================================================

priced lines already inside a happy-hour section:

  Hard Rock Cafe  (6)
    https://www.hardrockcafe.com/location/philadelphia/
       -$8 Nachos, Tupelo Dippers, Jumbo Pretzels & Loaded Cheese Fries
       -$10 Fried Chicken Sliders, Wings, & Pepperoni Flatbread
       -$5 Domestic Drafts
       -$6 Import Drafts
       -$6 Single Liquor Well Drinks
       -$7 Select Wines & Cocktails

  Yards Brewing Company  (4)
    https://yardsbrewing.com/pages/taproom
       $6 - Select Beers
       $9 - Select Cocktails & Wine
       $6 - Hummus Plate, IPA Pretzel, Bricklayer's Nachos, Charcuterie & Cheese
       $12 - Philly Wing Pounders
