99 venues to crawl (of 1869 discovered)

[1/99] Poe's Sandwich Joint                     --
[2/99] Antica Italian Restaurant & BYOB         --
[3/99] Bacio's Italian Cuicina                  --
[4/99] Multi-Flow Industries                    --
[5/99] Multi-Flow Industries                    --
[6/99] Taku Japanese Steakhouse                 --
[7/99] 333 Belrose                              --
[8/99] Neiman Marcus                            --
[9/99] Artifact Brewing                         --
[10/99] ROACHE & O'BRIEN                         --
[11/99] Eataly King of Prussia                   --
[12/99] Buona V                                  ** 4 quote(s)
[13/99] Yume Sushi                               --
[14/99] Vibe Haus                                --
[15/99] Local Wine & Kitchen                     --
[16/99] Commonwealth National Country Club       ** 1 quote(s)
[17/99] LongHorn Steakhouse                      --
[18/99] Minella's Diner                          --
[19/99] SangKee Asian Bistro                     --
[20/99] Angelo's Pizza Co                        ** 1 quote(s)
[21/99] Wild Rice Pan Asian Restaurant           --
[22/99] The Capital Grille                       ** 17 quote(s)
[23/99] Marketplace Cafe at Nordstrom            --
[24/99] CROOKED EYE BREWERY LLC                  ** 2 quote(s)
[25/99] Roots Cafe                               ** 18 quote(s)
[26/99] Not Your Average Joe's                   ** 1 quote(s)
[27/99] 320 Market Cafe                          --
[28/99] Buffalo Wild Wings                       --
[29/99] LA CABRA BREWING                         ** 1 quote(s)
[30/99] Golden Sea                               --
[31/99] Sushi Nami                               --
[32/99] West Branch Distilling Company           --
[33/99] TRUE FOOD KITCHEN                        --
[34/99] Neshaminy Valley Golf Club - OPEN to P   --
[35/99] Andiaro                                  --
[36/99] Mei Ting Asian Fusion                    --
[37/99] Margaret Kuo's Kitchen                   --
[38/99] Artifact Brewing                         --
[39/99] Peking Media Restaurant                  --
[40/99] Nordstrom Grill                          --
[41/99] Empire                                   --
[42/99] Vincente's Restaurant                    --
[43/99] Deer Park Tavern                         ** 4 quote(s)
[44/99] Simmer Down                              --
[45/99] Lounge at Eighth                         --
[46/99] McGlynns Pub - Glasgow                   ** 9 quote(s)
[47/99] Limestone BBQ and Bourbon                --
[48/99] Buffalo Wild Wings                       --
[49/99] Shaka Ramen                              --
[50/99] Hayworth & Finch Café                    --
[51/99] Friendship BBQ, Newark????               --
[52/99] Pizza by Elizabeths                      --
[53/99] Spare Rib Xpress                         --
[54/99] Route 40 Diner                           --
[55/99] Liquid Alchemy Beverages                 --
[56/99] Los Machados Mexican Restaurant          --
[57/99] Argilla Brewing Co. @ Pietro's Pizza     ** 2 quote(s)
[58/99] The Well Coffeehouse and Marketplace     --
[59/99] Crooked Hammock Brewery                  ** 26 quote(s)
[60/99] Ramen Kumamoto                           --
[61/99] Stewart's Brewing Company                --
[62/99] Vicky's Famous Fried Fish                --
[63/99] Oishii Sushi & Ramen                     --
[64/99] McGlynns Pub - Greenville                ** 9 quote(s)
[65/99] Dolly Spanker's                          --
[66/99] Wilma's                                  ** 1 quote(s)
[67/99] Buffalo Wild Wings                       --
[68/99] McGlynns Pub - Pike Creek                ** 9 quote(s)
[69/99] Hibachi Grill & Supreme Buffet           --
[70/99] Chiles Locos Mexican Food                --
[71/99] Opa! Opa!                                --
[72/99] Quinn's Cafe                             --
[73/99] Carusos Bistro                           --
[74/99] Wilmington Diner                         --
[75/99] The Garden at Bardea                     --
[76/99] Cafeneo - Newark                         --
[77/99] Eggspectation - Christiana               ** 3 quote(s)
[78/99] V&M Bistro                               --
[79/99] Kyushu Ramen and Dumplings House         --
[80/99] Crab Du Jour Cajun Seafood & Bar         --
[81/99] Ashby Hospitality Group                  --
[82/99] Flavours Bowls & Rolls                   --
[83/99] El Tapatio Mexican Restaurant            --
[84/99] Casa Puebla Restaurante                  --
[85/99] Oath ‘84                                 --
[86/99] Stanley's Tavern                         ** 10 quote(s)
[87/99] The Highlands                            --
[88/99] Cantwell's Tavern                        ** 15 quote(s)
[89/99] Sid's at C26 - BBQ & Jerky               --
[90/99] Sakura Japanese Restaurant               --
[91/99] Middletown Diner                         --
[92/99] Crab Du Jour Cajun Seafood & Bar         --
[93/99] Two Claws                                --
[94/99] Nasi Malay Thai Sushi                    --
[95/99] Kelly's Tavern                           --
[96/99] Dani’s Pizza Italian Restaurant          --
[97/99] Java Bean Cafe                           --
[98/99] Oishii Ocean - Japanese & Cajun Seafoo   --
[99/99] Tex-Mex Burriro                          --

     99  venues crawled
     81  nothing published
     18  WITH A DEAL QUOTE

1585 venues on file -> C:\Users\paulm\happy-hour-finder\data\crawl_hits.json
